###############################################################################
#
# IAR ELF Linker V8.32.1.169/W32 for ARM                  07/Mar/2021  05:47:18
# Copyright 2007-2018 IAR Systems AB.
#
#    Output file  =  
#        D:\dtitcode\EndPoints_2020\snrI2CTest\Debug\Exe\snrI2CTest.out
#    Map file     =  
#        D:\dtitcode\EndPoints_2020\snrI2CTest\Debug\List\snrI2CTest.map
#    Command line =  
#        -f C:\Users\sunboss\AppData\Local\Temp\EWBA67.tmp
#        (D:\dtitcode\EndPoints_2020\snrI2CTest\Debug\Obj\common.o
#        D:\dtitcode\EndPoints_2020\snrI2CTest\Debug\Obj\delay.o
#        D:\dtitcode\EndPoints_2020\snrI2CTest\Debug\Obj\i2c.o
#        D:\dtitcode\EndPoints_2020\snrI2CTest\Debug\Obj\main.o
#        D:\dtitcode\EndPoints_2020\snrI2CTest\Debug\Obj\main_functions.o
#        D:\dtitcode\EndPoints_2020\snrI2CTest\Debug\Obj\misc.o
#        D:\dtitcode\EndPoints_2020\snrI2CTest\Debug\Obj\nsr_i2c.o
#        D:\dtitcode\EndPoints_2020\snrI2CTest\Debug\Obj\sensorMIC.o
#        D:\dtitcode\EndPoints_2020\snrI2CTest\Debug\Obj\startup_stm32l1xx_md.o
#        D:\dtitcode\EndPoints_2020\snrI2CTest\Debug\Obj\stm32l1xx_adc.o
#        D:\dtitcode\EndPoints_2020\snrI2CTest\Debug\Obj\stm32l1xx_aes.o
#        D:\dtitcode\EndPoints_2020\snrI2CTest\Debug\Obj\stm32l1xx_aes_util.o
#        D:\dtitcode\EndPoints_2020\snrI2CTest\Debug\Obj\stm32l1xx_comp.o
#        D:\dtitcode\EndPoints_2020\snrI2CTest\Debug\Obj\stm32l1xx_crc.o
#        D:\dtitcode\EndPoints_2020\snrI2CTest\Debug\Obj\stm32l1xx_dac.o
#        D:\dtitcode\EndPoints_2020\snrI2CTest\Debug\Obj\stm32l1xx_dbgmcu.o
#        D:\dtitcode\EndPoints_2020\snrI2CTest\Debug\Obj\stm32l1xx_dma.o
#        D:\dtitcode\EndPoints_2020\snrI2CTest\Debug\Obj\stm32l1xx_exti.o
#        D:\dtitcode\EndPoints_2020\snrI2CTest\Debug\Obj\stm32l1xx_flash.o
#        D:\dtitcode\EndPoints_2020\snrI2CTest\Debug\Obj\stm32l1xx_flash_ramfunc.o
#        D:\dtitcode\EndPoints_2020\snrI2CTest\Debug\Obj\stm32l1xx_fsmc.o
#        D:\dtitcode\EndPoints_2020\snrI2CTest\Debug\Obj\stm32l1xx_gpio.o
#        D:\dtitcode\EndPoints_2020\snrI2CTest\Debug\Obj\stm32l1xx_i2c.o
#        D:\dtitcode\EndPoints_2020\snrI2CTest\Debug\Obj\stm32l1xx_it.o
#        D:\dtitcode\EndPoints_2020\snrI2CTest\Debug\Obj\stm32l1xx_iwdg.o
#        D:\dtitcode\EndPoints_2020\snrI2CTest\Debug\Obj\stm32l1xx_lcd.o
#        D:\dtitcode\EndPoints_2020\snrI2CTest\Debug\Obj\stm32l1xx_opamp.o
#        D:\dtitcode\EndPoints_2020\snrI2CTest\Debug\Obj\stm32l1xx_pwr.o
#        D:\dtitcode\EndPoints_2020\snrI2CTest\Debug\Obj\stm32l1xx_rcc.o
#        D:\dtitcode\EndPoints_2020\snrI2CTest\Debug\Obj\stm32l1xx_rtc.o
#        D:\dtitcode\EndPoints_2020\snrI2CTest\Debug\Obj\stm32l1xx_sdio.o
#        D:\dtitcode\EndPoints_2020\snrI2CTest\Debug\Obj\stm32l1xx_spi.o
#        D:\dtitcode\EndPoints_2020\snrI2CTest\Debug\Obj\stm32l1xx_syscfg.o
#        D:\dtitcode\EndPoints_2020\snrI2CTest\Debug\Obj\stm32l1xx_tim.o
#        D:\dtitcode\EndPoints_2020\snrI2CTest\Debug\Obj\stm32l1xx_usart.o
#        D:\dtitcode\EndPoints_2020\snrI2CTest\Debug\Obj\stm32l1xx_wwdg.o
#        D:\dtitcode\EndPoints_2020\snrI2CTest\Debug\Obj\system_stm32l1xx.o
#        D:\dtitcode\EndPoints_2020\snrI2CTest\Debug\Obj\timer.o
#        D:\dtitcode\EndPoints_2020\snrI2CTest\Debug\Obj\usart2.o
#        --no_out_extension -o
#        D:\dtitcode\EndPoints_2020\snrI2CTest\Debug\Exe\snrI2CTest.out --map
#        D:\dtitcode\EndPoints_2020\snrI2CTest\Debug\List\snrI2CTest.map
#        --config "C:\Program Files (x86)\IAR Systems\Embedded Workbench
#        8.2\arm\config\linker\ST\stm32l151xB-A.icf" --semihosting --entry
#        __iar_program_start --vfe --text_out locale)
#
###############################################################################

*******************************************************************************
*** RUNTIME MODEL ATTRIBUTES
***

CppFlavor       = *
__SystemLibrary = DLib
__dlib_version  = 6


*******************************************************************************
*** HEAP SELECTION
***

The basic heap was selected because no calls to memory allocation
functions were found in the application outside of system library
functions, and there are calls to deallocation functions in the
application.


*******************************************************************************
*** PLACEMENT SUMMARY
***

"A0":  place at 0x800'0000 { ro section .intvec };
"P1":  place in [from 0x800'0000 to 0x801'ffff] { ro };
define block CSTACK with size = 2K, alignment = 8 { };
define block HEAP with size = 2K, alignment = 8 { };
"P2":  place in [from 0x2000'0000 to 0x2000'7fff] {
          rw, block CSTACK, block HEAP };
initialize by copy { rw };

No sections matched the following patterns:

  section .eeprom  in "P3"


  Section            Kind         Address    Size  Object
  -------            ----         -------    ----  ------
"A0":                                        0xf4
  .intvec            ro code   0x800'0000    0xf4  startup_stm32l1xx_md.o [1]
                             - 0x800'00f4    0xf4

"P1":                                      0x2fc3
  .text              ro code   0x800'00f4   0xdf2  xprintffull_nomb.o [2]
  .text              ro code   0x800'0ee6    0x3a  zero_init3.o [4]
  .text              ro code   0x800'0f20    0x16  strchr.o [4]
  .text              ro code   0x800'0f36    0x12  stm32l1xx_it.o [1]
  .text              ro code   0x800'0f48    0x40  xfail_s.o [2]
  .text              ro code   0x800'0f88    0x36  strlen.o [4]
  .rodata            const     0x800'0fbe     0x1  nsr_i2c.o [1]
  .text              ro code   0x800'0fc0    0x58  memchr.o [4]
  .text              ro code   0x800'1018   0x230  I64DivMod.o [4]
  .text              ro code   0x800'1248   0x1a2  DblMul.o [3]
  .text              ro code   0x800'13ec    0xa6  ABImemcpy.o [4]
  .text              ro code   0x800'1494    0x70  frexp.o [3]
  .text              ro code   0x800'1504    0x2e  DblCmpLe.o [3]
  .text              ro code   0x800'1534    0x2e  DblCmpGe.o [3]
  .text              ro code   0x800'1564   0x13a  ldexp.o [3]
  .text              ro code   0x800'16a0    0x3a  DblToS32.o [3]
  .text              ro code   0x800'16dc    0x22  S32ToDbl.o [3]
  .text              ro code   0x800'1700    0xe2  DblSub.o [3]
  .text              ro code   0x800'17e4   0x246  DblDiv.o [3]
  .text              ro code   0x800'1a2c    0x28  DblToU32.o [3]
  .text              ro code   0x800'1a54    0x1a  U32ToDbl.o [3]
  .text              ro code   0x800'1a70     0x8  xlocale_c.o [2]
  .text              ro code   0x800'1a78     0x6  abort.o [2]
  .text              ro code   0x800'1a80     0x2  I64DivZer.o [4]
  .text              ro code   0x800'1a84   0x16a  DblAdd.o [3]
  .text              ro code   0x800'1bf0    0x14  exit.o [5]
  .text              ro code   0x800'1c04   0x460  i2c.o [1]
  .text              ro code   0x800'2064    0x7e  delay.o [1]
  .text              ro code   0x800'20e4   0x194  stm32l1xx_rcc.o [1]
  .text              ro code   0x800'2278   0x106  stm32l1xx_gpio.o [1]
  .text              ro code   0x800'2380    0xa0  misc.o [1]
  .text              ro code   0x800'2420   0x180  main_functions.o [1]
  .text              ro code   0x800'25a0   0x11c  nsr_i2c.o [1]
  .text              ro code   0x800'26bc    0x36  common.o [1]
  .text              ro code   0x800'26f4    0xe0  timer.o [1]
  .text              ro code   0x800'27d4    0xe8  sensorMIC.o [1]
  .text              ro code   0x800'28bc   0x136  usart2.o [1]
  .text              ro code   0x800'29f4    0x20  vprintf.o [2]
  .text              ro code   0x800'2a14    0xc4  stm32l1xx_tim.o [1]
  .text              ro code   0x800'2ad8   0x15c  stm32l1xx_usart.o [1]
  .text              ro code   0x800'2c34   0x130  system_stm32l1xx.o [1]
  .text              ro code   0x800'2d64    0x38  packbits_init_single.o [4]
  .rodata            const     0x800'2d9c    0x30  main_functions.o [1]
  .rodata            const     0x800'2dcc    0x28  main_functions.o [1]
  .text              ro code   0x800'2df4    0x28  data_init.o [4]
  .rodata            const     0x800'2e1c    0x24  main_functions.o [1]
  .iar.init_table    const     0x800'2e40    0x20  - Linker created -
  .rodata            const     0x800'2e60    0x20  sensorMIC.o [1]
  .text              ro code   0x800'2e80    0x1e  cmain.o [4]
  .text              ro code   0x800'2e9e     0x4  low_level_init.o [2]
  .text              ro code   0x800'2ea2    0x12  main.o [1]
  .text              ro code   0x800'2eb4     0x4  exit.o [2]
  .text              ro code   0x800'2eb8     0xa  cexit.o [4]
  .rodata            const     0x800'2ec4    0x1c  main_functions.o [1]
  .rodata            const     0x800'2ee0    0x1c  main_functions.o [1]
  .rodata            const     0x800'2efc    0x18  sensorMIC.o [1]
  .text              ro code   0x800'2f14    0x16  xprout.o [2]
  .text              ro code   0x800'2f2c     0xc  putchar.o [2]
  .rodata            const     0x800'2f38    0x14  main_functions.o [1]
  .rodata            const     0x800'2f4c    0x14  sensorMIC.o [1]
  .rodata            const     0x800'2f60    0x10  main_functions.o [1]
  .text              ro code   0x800'2f70    0x10  startup_stm32l1xx_md.o [1]
  .text              ro code   0x800'2f80     0xc  cstartup_M.o [4]
  .rodata            const     0x800'2f8c     0x4  xlocale_c.o [2]
  .text              ro code   0x800'2f90     0x4  startup_stm32l1xx_md.o [1]
  .text              ro code   0x800'2f94     0x4  startup_stm32l1xx_md.o [1]
  .text              ro code   0x800'2f98     0x4  startup_stm32l1xx_md.o [1]
  .text              ro code   0x800'2f9c     0x4  startup_stm32l1xx_md.o [1]
  .text              ro code   0x800'2fa0     0x4  startup_stm32l1xx_md.o [1]
  .text              ro code   0x800'2fa4     0x4  startup_stm32l1xx_md.o [1]
  .text              ro code   0x800'2fa8     0x4  startup_stm32l1xx_md.o [1]
  .text              ro code   0x800'2fac     0x4  startup_stm32l1xx_md.o [1]
  .text              ro code   0x800'2fb0     0x4  startup_stm32l1xx_md.o [1]
  .text              ro code   0x800'2fb4     0x4  startup_stm32l1xx_md.o [1]
  .text              ro code   0x800'2fb8     0x4  startup_stm32l1xx_md.o [1]
  .text              ro code   0x800'2fbc     0x4  startup_stm32l1xx_md.o [1]
  .text              ro code   0x800'2fc0     0x4  startup_stm32l1xx_md.o [1]
  .text              ro code   0x800'2fc4     0x4  startup_stm32l1xx_md.o [1]
  .text              ro code   0x800'2fc8     0x4  startup_stm32l1xx_md.o [1]
  .text              ro code   0x800'2fcc     0x4  startup_stm32l1xx_md.o [1]
  .text              ro code   0x800'2fd0     0x4  startup_stm32l1xx_md.o [1]
  .text              ro code   0x800'2fd4     0x4  startup_stm32l1xx_md.o [1]
  .text              ro code   0x800'2fd8     0x4  startup_stm32l1xx_md.o [1]
  .text              ro code   0x800'2fdc     0x4  startup_stm32l1xx_md.o [1]
  .text              ro code   0x800'2fe0     0x4  startup_stm32l1xx_md.o [1]
  .text              ro code   0x800'2fe4     0x4  startup_stm32l1xx_md.o [1]
  .text              ro code   0x800'2fe8     0x4  startup_stm32l1xx_md.o [1]
  .text              ro code   0x800'2fec     0x4  startup_stm32l1xx_md.o [1]
  .text              ro code   0x800'2ff0     0x4  startup_stm32l1xx_md.o [1]
  .text              ro code   0x800'2ff4     0x4  startup_stm32l1xx_md.o [1]
  .text              ro code   0x800'2ff8     0x4  startup_stm32l1xx_md.o [1]
  .text              ro code   0x800'2ffc     0x4  startup_stm32l1xx_md.o [1]
  .text              ro code   0x800'3000     0x4  startup_stm32l1xx_md.o [1]
  .text              ro code   0x800'3004     0x4  startup_stm32l1xx_md.o [1]
  .text              ro code   0x800'3008     0x4  startup_stm32l1xx_md.o [1]
  .text              ro code   0x800'300c     0x4  startup_stm32l1xx_md.o [1]
  .text              ro code   0x800'3010     0x4  startup_stm32l1xx_md.o [1]
  .text              ro code   0x800'3014     0x4  startup_stm32l1xx_md.o [1]
  .text              ro code   0x800'3018     0x4  startup_stm32l1xx_md.o [1]
  .text              ro code   0x800'301c     0x4  startup_stm32l1xx_md.o [1]
  .text              ro code   0x800'3020     0x4  startup_stm32l1xx_md.o [1]
  .text              ro code   0x800'3024     0x4  startup_stm32l1xx_md.o [1]
  .text              ro code   0x800'3028     0x4  startup_stm32l1xx_md.o [1]
  .text              ro code   0x800'302c     0x4  startup_stm32l1xx_md.o [1]
  .text              ro code   0x800'3030     0x4  startup_stm32l1xx_md.o [1]
  .text              ro code   0x800'3034     0x4  startup_stm32l1xx_md.o [1]
  .text              ro code   0x800'3038     0x4  startup_stm32l1xx_md.o [1]
  .text              ro code   0x800'303c     0x4  startup_stm32l1xx_md.o [1]
  .rodata            const     0x800'3040     0x0  zero_init3.o [4]
  .rodata            const     0x800'3040     0x0  packbits_init_single.o [4]
  Initializer bytes  const     0x800'3040    0x77  <for P2-1>
                             - 0x800'30b7  0x2fc3

"P2", part 1 of 3:                           0xa1
  P2-1                        0x2000'0000    0xa1  <Init block>
    .data            inited   0x2000'0000     0xc  stm32l1xx_rcc.o [1]
    .data            inited   0x2000'000c    0x10  stm32l1xx_rcc.o [1]
    .data            inited   0x2000'001c     0x4  system_stm32l1xx.o [1]
    .data            inited   0x2000'0020    0x48  xfiles.o [2]
    .data            inited   0x2000'0068    0x38  xlocale_c.o [2]
    .data            inited   0x2000'00a0     0x1  timer.o [1]
                            - 0x2000'00a1    0xa1

"P2", part 2 of 3:                           0x70
  .bss               zero     0x2000'00a4    0x50  xfiles.o [2]
  .bss               zero     0x2000'00f4     0x4  timer.o [1]
  .bss               zero     0x2000'00f8     0x4  timer.o [1]
  .bss               zero     0x2000'00fc     0x4  timer.o [1]
  .bss               zero     0x2000'0100     0x4  xfail_s.o [2]
  .bss               zero     0x2000'0104     0x2  delay.o [1]
  .bss               zero     0x2000'0106     0x2  main_functions.o [1]
  .bss               zero     0x2000'0108     0x2  sensorMIC.o [1]
  .bss               zero     0x2000'010a     0x2  sensorMIC.o [1]
  .bss               zero     0x2000'010c     0x1  main_functions.o [1]
  .bss               zero     0x2000'010d     0x1  main_functions.o [1]
  .bss               zero     0x2000'010e     0x1  sensorMIC.o [1]
  .bss               zero     0x2000'010f     0x1  sensorMIC.o [1]
  .bss               zero     0x2000'0110     0x1  sensorMIC.o [1]
                            - 0x2000'0111    0x6d

"P2", part 3 of 3:                          0x800
  CSTACK                      0x2000'0118   0x800  <Block>
    CSTACK           uninit   0x2000'0118   0x800  <Block tail>
                            - 0x2000'0918   0x800

Unused ranges:

         From           To      Size
         ----           --      ----
   0x800'30b7   0x801'ffff  0x1'cf49
  0x2000'00a1  0x2000'00a3       0x3
  0x2000'0114  0x2000'0117       0x4
  0x2000'0918  0x2000'7fff    0x76e8


*******************************************************************************
*** INIT TABLE
***

          Address      Size
          -------      ----
Zero (__iar_zero_init3)
    1 destination range, total size 0x6d:
          0x2000'00a4  0x6d

Copy/packbits (__iar_packbits_init_single3)
    1 source range, total size 0x77 (73% of destination):
           0x800'3040  0x77
    1 destination range, total size 0xa1:
          0x2000'0000  0xa1



*******************************************************************************
*** MODULE SUMMARY
***

    Module                  ro code  ro data  rw data
    ------                  -------  -------  -------
command line/config:
    -------------------------------------------------
    Total:

D:\dtitcode\EndPoints_2020\snrI2CTest\Debug\Obj: [1]
    common.o                     54
    delay.o                     126                 2
    i2c.o                     1 120
    main.o                       18
    main_functions.o            384      216        4
    misc.o                      160
    nsr_i2c.o                   284        1
    sensorMIC.o                 232       76        7
    startup_stm32l1xx_md.o      436
    stm32l1xx_gpio.o            262
    stm32l1xx_it.o               18
    stm32l1xx_rcc.o             404       20       28
    stm32l1xx_tim.o             196
    stm32l1xx_usart.o           348
    system_stm32l1xx.o          304        3        4
    timer.o                     224                13
    usart2.o                    310
    -------------------------------------------------
    Total:                    4 880      316       58

dl7M_tlf.a: [2]
    abort.o                       6
    exit.o                        4
    low_level_init.o              4
    putchar.o                    12
    vprintf.o                    32
    xfail_s.o                    64                 4
    xfiles.o                              53      152
    xlocale_c.o                   8       46       56
    xprintffull_nomb.o        3 570
    xprout.o                     22
    -------------------------------------------------
    Total:                    3 722       99      212

m7M_tl.a: [3]
    DblAdd.o                    362
    DblCmpGe.o                   46
    DblCmpLe.o                   46
    DblDiv.o                    582
    DblMul.o                    418
    DblSub.o                    226
    DblToS32.o                   58
    DblToU32.o                   40
    S32ToDbl.o                   34
    U32ToDbl.o                   26
    frexp.o                     112
    ldexp.o                     314
    -------------------------------------------------
    Total:                    2 264

rt7M_tl.a: [4]
    ABImemcpy.o                 166
    I64DivMod.o                 560
    I64DivZer.o                   2
    cexit.o                      10
    cmain.o                      30
    cstartup_M.o                 12
    data_init.o                  40
    memchr.o                     88
    packbits_init_single.o       56
    strchr.o                     22
    strlen.o                     54
    zero_init3.o                 58
    -------------------------------------------------
    Total:                    1 098

shb_l.a: [5]
    exit.o                       20
    -------------------------------------------------
    Total:                       20

    Gaps                         37        2
    Linker created                        33    2 048
-----------------------------------------------------
    Grand Total:             12 021      450    2 318


*******************************************************************************
*** ENTRY LIST
***

Entry                       Address   Size  Type      Object
-----                       -------   ----  ----      ------
.iar.init_table$$Base    0x800'2e40          --   Gb  - Linker created -
.iar.init_table$$Limit   0x800'2e60          --   Gb  - Linker created -
?main                    0x800'2e81         Code  Gb  cmain.o [4]
APBAHBPrescTable        0x2000'000c   0x10  Data  Lc  stm32l1xx_rcc.o [1]
BusFault_Handler         0x800'0f3d    0x2  Code  Gb  stm32l1xx_it.o [1]
CRC8_Check               0x800'26bd   0x28  Code  Gb  common.o [1]
CSTACK$$Base            0x2000'0118          --   Gb  - Linker created -
CSTACK$$Limit           0x2000'0918          --   Gb  - Linker created -
DebugMon_Handler         0x800'0f43    0x2  Code  Gb  stm32l1xx_it.o [1]
GPIO_Init                0x800'2279   0x96  Code  Gb  stm32l1xx_gpio.o [1]
GPIO_PinAFConfig         0x800'232b   0x54  Code  Gb  stm32l1xx_gpio.o [1]
GPIO_SetBits             0x800'2327    0x4  Code  Gb  stm32l1xx_gpio.o [1]
GPIO_StructInit          0x800'230f   0x18  Code  Gb  stm32l1xx_gpio.o [1]
HardFault_Handler        0x800'0f39    0x2  Code  Gb  stm32l1xx_it.o [1]
I2C1_Ack                 0x800'1d29   0x58  Code  Lc  i2c.o [1]
I2C1_CheckDevice         0x800'202b   0x3a  Code  Gb  i2c.o [1]
I2C1_NAck                0x800'1d81   0x46  Code  Lc  i2c.o [1]
I2C1_Read_Byte           0x800'1e83   0x62  Code  Lc  i2c.o [1]
I2C1_Read_NByte          0x800'1f6f   0xbc  Code  Gb  i2c.o [1]
I2C1_Send_Byte           0x800'1e25   0x5e  Code  Lc  i2c.o [1]
I2C1_Soft_Init           0x800'1c3f   0x44  Code  Gb  i2c.o [1]
I2C1_Start               0x800'1c83   0x50  Code  Lc  i2c.o [1]
I2C1_Stop                0x800'1cd3   0x56  Code  Lc  i2c.o [1]
I2C1_Wait_Ack            0x800'1dc7   0x5e  Code  Lc  i2c.o [1]
I2C1_Write_NByte         0x800'1ef1   0x7e  Code  Gb  i2c.o [1]
I2C_Delay_usec           0x800'1c05   0x12  Code  Lc  i2c.o [1]
I2C_Wait_SCL_Set         0x800'1c17   0x28  Code  Lc  i2c.o [1]
LoadInt                  0x800'02a3   0x7a  Code  Lc  xprintffull_nomb.o [2]
LogOutput                0x800'26e5    0xe  Code  Gb  common.o [1]
MIC_mvSum               0x2000'010a    0x2  Data  Gb  sensorMIC.o [1]
MemManage_Handler        0x800'0f3b    0x2  Code  Gb  stm32l1xx_it.o [1]
NMI_Handler              0x800'0f37    0x2  Code  Gb  stm32l1xx_it.o [1]
NSR_I2C_ADDRESS          0x800'0fbe    0x1  Data  Lc  nsr_i2c.o [1]
NVIC_Init                0x800'238b   0x62  Code  Gb  misc.o [1]
NVIC_PriorityGroupConfig
                         0x800'2381    0xa  Code  Gb  misc.o [1]
OneSecondProcess         0x800'2535    0x2  Code  Gb  main_functions.o [1]
PLLMulTable             0x2000'0000    0xc  Data  Lc  stm32l1xx_rcc.o [1]
PendSV_Handler           0x800'0f45    0x2  Code  Gb  stm32l1xx_it.o [1]
RCC_AHBPeriphClockCmd    0x800'21e3   0x1c  Code  Gb  stm32l1xx_rcc.o [1]
RCC_APB1PeriphClockCmd   0x800'21ff   0x1c  Code  Gb  stm32l1xx_rcc.o [1]
RCC_GetClocksFreq        0x800'210f   0xd4  Code  Gb  stm32l1xx_rcc.o [1]
RCC_GetFlagStatus        0x800'221b   0x32  Code  Gb  stm32l1xx_rcc.o [1]
RCC_HCLKConfig           0x800'20ff   0x10  Code  Gb  stm32l1xx_rcc.o [1]
RCC_HSICmd               0x800'20e5    0xa  Code  Gb  stm32l1xx_rcc.o [1]
RCC_SYSCLKConfig         0x800'20ef   0x10  Code  Gb  stm32l1xx_rcc.o [1]
Region$$Table$$Base      0x800'2e40          --   Gb  - Linker created -
Region$$Table$$Limit     0x800'2e60          --   Gb  - Linker created -
SVC_Handler              0x800'0f41    0x2  Code  Gb  stm32l1xx_it.o [1]
SerialPutChar            0x800'29b3   0x1e  Code  Gb  usart2.o [1]
Serial_PutString         0x800'29dd   0x16  Code  Gb  usart2.o [1]
Serial_Usart2_Init       0x800'2945   0x5e  Code  Gb  usart2.o [1]
SetSysClock              0x800'2c77   0xc4  Code  Lc  system_stm32l1xx.o [1]
SysTick_CLKSourceConfig
                         0x800'23ed   0x1c  Code  Gb  misc.o [1]
SysTick_Handler          0x800'0f47    0x2  Code  Gb  stm32l1xx_it.o [1]
SystemCoreClock         0x2000'001c    0x4  Data  Gb  system_stm32l1xx.o [1]
SystemInit               0x800'2c35   0x42  Code  Gb  system_stm32l1xx.o [1]
TIM2_IRQHandler          0x800'2759   0x6a  Code  Gb  timer.o [1]
TIM_ClearITPendingBit    0x800'2ad1    0x8  Code  Gb  stm32l1xx_tim.o [1]
TIM_Cmd                  0x800'2a79   0x1c  Code  Gb  stm32l1xx_tim.o [1]
TIM_GetITStatus          0x800'2aad   0x24  Code  Gb  stm32l1xx_tim.o [1]
TIM_ITConfig             0x800'2a95   0x18  Code  Gb  stm32l1xx_tim.o [1]
TIM_TimeBaseInit         0x800'2a15   0x4c  Code  Gb  stm32l1xx_tim.o [1]
TimCount                0x2000'00a0    0x1  Data  Gb  timer.o [1]
Timer_10ms_handler      0x2000'00fc    0x4  Data  Gb  timer.o [1]
Timer_1ms_handler       0x2000'00f4    0x4  Data  Gb  timer.o [1]
Timer_5ms_handler       0x2000'00f8    0x4  Data  Gb  timer.o [1]
Timer_Init               0x800'26f5   0x64  Code  Gb  timer.o [1]
USART2_Conf              0x800'28bd   0x88  Code  Gb  usart2.o [1]
USART_ClearFlag          0x800'2c27    0xe  Code  Gb  stm32l1xx_usart.o [1]
USART_Cmd                0x800'2b95   0x1c  Code  Gb  stm32l1xx_usart.o [1]
USART_GetFlagStatus      0x800'2c0d   0x1a  Code  Gb  stm32l1xx_usart.o [1]
USART_ITConfig           0x800'2bb9   0x54  Code  Gb  stm32l1xx_usart.o [1]
USART_Init               0x800'2ad9   0xb2  Code  Gb  stm32l1xx_usart.o [1]
USART_SendData           0x800'2bb1    0x8  Code  Gb  stm32l1xx_usart.o [1]
UsageFault_Handler       0x800'0f3f    0x2  Code  Gb  stm32l1xx_it.o [1]
_GenldFullNoMb           0x800'0be5  0x274  Code  Lc  xprintffull_nomb.o [2]
_LdtobFullNoMb           0x800'07e1  0x3d6  Code  Lc  xprintffull_nomb.o [2]
_LitobFullNoMb           0x800'0691  0x10a  Code  Lc  xprintffull_nomb.o [2]
_Locale_lconv           0x2000'0068   0x38  Data  Lc  xlocale_c.o [2]
_PrintfFullNoMb          0x800'00f5  0x19e  Code  Gb  xprintffull_nomb.o [2]
_Prout                   0x800'2f15   0x16  Code  Gb  xprout.o [2]
_PutcharsFullNoMb        0x800'0e59   0x2e  Code  Lc  xprintffull_nomb.o [2]
_PutfldFullNoMb          0x800'031d  0x268  Code  Lc  xprintffull_nomb.o [2]
_PuttxtFullNoMb          0x800'0585  0x10c  Code  Lc  xprintffull_nomb.o [2]
__aeabi_cdcmple          0x800'1505         Code  Gb  DblCmpLe.o [3]
__aeabi_cdrcmple         0x800'1535         Code  Gb  DblCmpGe.o [3]
__aeabi_d2iz             0x800'16a1         Code  Gb  DblToS32.o [3]
__aeabi_d2uiz            0x800'1a2d         Code  Gb  DblToU32.o [3]
__aeabi_ddiv             0x800'17e5         Code  Gb  DblDiv.o [3]
__aeabi_dmul             0x800'1249         Code  Gb  DblMul.o [3]
__aeabi_dsub             0x800'1701         Code  Gb  DblSub.o [3]
__aeabi_i2d              0x800'16dd         Code  Gb  S32ToDbl.o [3]
__aeabi_ldiv0            0x800'1a81         Code  Gb  I64DivZer.o [4]
__aeabi_memcpy           0x800'13ed         Code  Gb  ABImemcpy.o [4]
__aeabi_memcpy4          0x800'140d         Code  Gb  ABImemcpy.o [4]
__aeabi_memcpy8          0x800'140d         Code  Gb  ABImemcpy.o [4]
__aeabi_ui2d             0x800'1a55         Code  Gb  U32ToDbl.o [3]
__aeabi_uldivmod         0x800'1019         Code  Gb  I64DivMod.o [4]
__cmain                  0x800'2e81         Code  Gb  cmain.o [4]
__exit                   0x800'1bf1   0x14  Code  Gb  exit.o [5]
__iar_Fail_s             0x800'0f49   0x1c  Code  Gb  xfail_s.o [2]
__iar_Memchr             0x800'0fc1         Code  Gb  memchr.o [4]
__iar_Stdout            0x2000'0020   0x48  Data  Gb  xfiles.o [2]
__iar_Strchr             0x800'0f21         Code  Gb  strchr.o [4]
__iar_dadd               0x800'1711         Code  Gb  DblSub.o [3]
__iar_data_init3         0x800'2df5   0x28  Code  Gb  data_init.o [4]
__iar_dsub               0x800'1a85         Code  Gb  DblAdd.o [3]
__iar_dsubStart          0x800'1a97         Code  Gb  DblAdd.o [3]
__iar_frexp              0x800'14a1         Code  Gb  frexp.o [3]
__iar_frexp64            0x800'1495         Code  Gb  frexp.o [3]
__iar_frexpl             0x800'14a1         Code  Gb  frexp.o [3]
__iar_ldexp64            0x800'1565         Code  Gb  ldexp.o [3]
__iar_packbits_init_single3
                         0x800'2d65   0x38  Code  Gb  packbits_init_single.o [4]
__iar_program_start      0x800'2f81         Code  Gb  cstartup_M.o [4]
__iar_scalbln64          0x800'1565         Code  Gb  ldexp.o [3]
__iar_scalbn64           0x800'1565         Code  Gb  ldexp.o [3]
__iar_zero_init3         0x800'0ee7   0x3a  Code  Gb  zero_init3.o [4]
__low_level_init         0x800'2e9f    0x4  Code  Gb  low_level_init.o [2]
__vector_table           0x800'0000         Data  Gb  startup_stm32l1xx_md.o [1]
_call_main               0x800'2e8d         Code  Gb  cmain.o [4]
_exit                    0x800'2eb9         Code  Gb  cexit.o [4]
_main                    0x800'2e9b         Code  Gb  cmain.o [4]
abort                    0x800'1a79    0x6  Code  Gb  abort.o [2]
delay_init               0x800'2065   0x18  Code  Gb  delay.o [1]
delay_ms                 0x800'20c9   0x1a  Code  Gb  delay.o [1]
delay_us                 0x800'207d   0x32  Code  Gb  delay.o [1]
dev_init                 0x800'24df    0xc  Code  Gb  main_functions.o [1]
exit                     0x800'2eb5    0x4  Code  Gb  exit.o [2]
fac_us                  0x2000'0104    0x2  Data  Lc  delay.o [1]
fputc                    0x800'29a3   0x10  Code  Gb  usart2.o [1]
frexp                    0x800'1495         Code  Gb  frexp.o [3]
frexpl                   0x800'1495         Code  Gb  frexp.o [3]
gCollectFlag            0x2000'010c    0x1  Data  Gb  main_functions.o [1]
gMIC_noiseValue         0x2000'0108    0x2  Data  Gb  sensorMIC.o [1]
ldexp                    0x800'1565         Code  Gb  ldexp.o [3]
ldexpl                   0x800'1565         Code  Gb  ldexp.o [3]
localeconv               0x800'1a71    0x4  Code  Gb  xlocale_c.o [2]
loop                     0x800'2519   0x1c  Code  Gb  main_functions.o [1]
m_MIC_mvLen             0x2000'010f    0x1  Data  Gb  sensorMIC.o [1]
m_MIC_mvPtr             0x2000'010e    0x1  Data  Gb  sensorMIC.o [1]
m_collectTick           0x2000'0106    0x2  Data  Gb  main_functions.o [1]
main                     0x800'2ea3   0x12  Code  Gb  main.o [1]
memchr                   0x800'0fc1         Code  Gb  memchr.o [4]
mic_AddData              0x800'2815   0x58  Code  Gb  sensorMIC.o [1]
mic_checkData            0x800'286d   0x2e  Code  Gb  sensorMIC.o [1]
mic_init                 0x800'27d5   0x40  Code  Gb  sensorMIC.o [1]
mvMICData               0x2000'0110    0x1  Data  Gb  sensorMIC.o [1]
nsrI2C_Example           0x800'2421   0x88  Code  Gb  main_functions.o [1]
nsr_i2_change_config     0x800'2661   0x52  Code  Gb  nsr_i2c.o [1]
nsr_i2_get_configured_address
                         0x800'26b3    0x6  Code  Gb  nsr_i2c.o [1]
nsr_i2_measure_blocking_read
                         0x800'261f   0x26  Code  Gb  nsr_i2c.o [1]
nsr_i2_read              0x800'25a1   0x7e  Code  Gb  nsr_i2c.o [1]
nsr_i2_read_version      0x800'2651   0x10  Code  Gb  nsr_i2c.o [1]
nsr_i2c_probe            0x800'2645    0xc  Code  Gb  nsr_i2c.o [1]
obuf                    0x2000'00a4   0x50  Data  Lc  xfiles.o [2]
putchar                  0x800'2f2d    0xc  Code  Gb  putchar.o [2]
scalbln                  0x800'1565         Code  Gb  ldexp.o [3]
scalblnl                 0x800'1565         Code  Gb  ldexp.o [3]
scalbn                   0x800'1565         Code  Gb  ldexp.o [3]
scalbnl                  0x800'1565         Code  Gb  ldexp.o [3]
scale                    0x800'079b   0x46  Code  Lc  xprintffull_nomb.o [2]
sec_hand                0x2000'0100    0x4  Data  Lc  xfail_s.o [2]
setup                    0x800'24eb   0x2e  Code  Gb  main_functions.o [1]
strchr                   0x800'0f21         Code  Gb  strchr.o [4]
strlen                   0x800'0f89         Code  Gb  strlen.o [4]
sys_init                 0x800'24a9   0x36  Code  Gb  main_functions.o [1]
tmrProcess               0x800'2539   0x3c  Code  Gb  main_functions.o [1]
tmrProcess::lv_second_tick
                        0x2000'010d    0x1  Data  Lc  main_functions.o [1]
vprintf                  0x800'29f5   0x20  Code  Gb  vprintf.o [2]


[1] = D:\dtitcode\EndPoints_2020\snrI2CTest\Debug\Obj
[2] = dl7M_tlf.a
[3] = m7M_tl.a
[4] = rt7M_tl.a
[5] = shb_l.a

  12 021 bytes of readonly  code memory
     450 bytes of readonly  data memory
   2 318 bytes of readwrite data memory

Errors: none
Warnings: none
